
> smart-calorie-tracker@1.0.0 build
> vite build

[36mvite v5.4.21 [32mbuilding for production...[36m[39m
transforming...
[32mΓ£ô[39m 31 modules transformed.
node.exe : [31mx[39m Build failed in 2.41s
At line:1 char:1
+ & "C:\Program Files\nodejs/node.exe" "C:\Program Files\nodejs/node_mo ...
+ ~~~~~~~~~~~~~~~~~~~~~~~~~~~~~~~~~~~~~~~~~~~~~~~~~~~~~~~~~~~~~~~~~~~~~
    + CategoryInfo          : NotSpecified: ([31mx[39m Build failed in 2.41s:String) [], RemoteException
    + FullyQualifiedErrorId : NativeCommandError
 
[31merror during build:
[31m[vite:esbuild] Transform failed with 2 errors:
E:/Repo/calorietracker/src/components/DiaryView.jsx:278:18: ERROR: Unexpected closing "section" tag does not match 
opening "div" tag
E:/Repo/calorietracker/src/components/DiaryView.jsx:291:19: ERROR: Expected ")" but found "jsx"[31m
file: [36mE:/Repo/calorietracker/src/components/DiaryView.jsx:278:18[31m
[33m
[33mUnexpected closing "section" tag does not match opening "div" tag[33m
276|                  </section>
277|  
278|                  </section>
   |                    ^
279|                  
280|                  <div className="mt-4 pt-8 border-t border-[rgba(255,255,255,0.06)]">

[33mExpected ")" but found "jsx"[33m
289|              </div>
290|              
291|              <style jsx="true">{`
   |                     ^
292|                  .hide-scrollbar::-webkit-scrollbar { display: none; }
293|                  .hide-scrollbar { -ms-overflow-style: none; scrollbar-width: none; }
[31m
    at failureErrorWithLog (E:\Repo\node_modules\esbuild\lib\main.js:1472:15)
    at E:\Repo\node_modules\esbuild\lib\main.js:755:50
    at responseCallbacks.<computed> (E:\Repo\node_modules\esbuild\lib\main.js:622:9)
    at handleIncomingPacket (E:\Repo\node_modules\esbuild\lib\main.js:677:12)
    at Socket.readFromStdout (E:\Repo\node_modules\esbuild\lib\main.js:600:7)
    at Socket.emit (node:events:508:28)
    at addChunk (node:internal/streams/readable:559:12)
    at readableAddChunkPushByteMode (node:internal/streams/readable:510:3)
    at Readable.push (node:internal/streams/readable:390:5)
    at Pipe.onStreamRead (node:internal/stream_base_commons:189:23)[39m
npm error Lifecycle script `build` failed with error:
npm error code 1
npm error path E:\Repo\calorietracker
npm error workspace smart-calorie-tracker@1.0.0
npm error location E:\Repo\calorietracker
npm error command failed
npm error command C:\windows\system32\cmd.exe /d /s /c vite build
