﻿
> smart-calorie-tracker@1.0.0 build
> vite build

[36mvite v5.4.21 [32mbuilding for production...[36m[39m
transforming...
[32mΓ£ô[39m 1549 modules transformed.
node.exe : [31mx[39m Build failed in 4.08s
At line:1 char:1
+ & "C:\Program Files\nodejs/node.exe" "C:\Program Files\nodejs/node_mo ...
+ ~~~~~~~~~~~~~~~~~~~~~~~~~~~~~~~~~~~~~~~~~~~~~~~~~~~~~~~~~~~~~~~~~~~~~
    + CategoryInfo          : NotSpecified: ([31mx[39m Build failed in 4.08s:String) [], RemoteException
    + FullyQualifiedErrorId : NativeCommandError
 
[31merror during build:
[31msrc/hooks/useGPSTracking.js (2:13): "auth" is not exported by "firebase.json", imported by 
"src/hooks/useGPSTracking.js". (Note that you need @rollup/plugin-json to import JSON files)[31m
file: [36mE:/Repo/calorietracker/src/hooks/useGPSTracking.js:2:13[31m
[33m
1: import { useState, useRef, useEffect } from 'react';
2: import { db, auth } from '../../firebase';
                ^
3: import { doc, getDoc } from 'firebase/firestore';
[31m
    at getRollupError (file:///E:/Repo/node_modules/rollup/dist/es/shared/parseAst.js:401:41)
    at error (file:///E:/Repo/node_modules/rollup/dist/es/shared/parseAst.js:397:42)
    at Module.error (file:///E:/Repo/node_modules/rollup/dist/es/shared/node-entry.js:16956:16)
    at Module.traceVariable (file:///E:/Repo/node_modules/rollup/dist/es/shared/node-entry.js:17412:29)
    at ModuleScope.findVariable (file:///E:/Repo/node_modules/rollup/dist/es/shared/node-entry.js:15076:39)
    at FunctionScope.findVariable (file:///E:/Repo/node_modules/rollup/dist/es/shared/node-entry.js:5649:38)
    at FunctionBodyScope.findVariable (file:///E:/Repo/node_modules/rollup/dist/es/shared/node-entry.js:5649:38)
    at ReturnValueScope.findVariable (file:///E:/Repo/node_modules/rollup/dist/es/shared/node-entry.js:5649:38)
    at FunctionBodyScope.findVariable (file:///E:/Repo/node_modules/rollup/dist/es/shared/node-entry.js:5649:38)
    at ReturnValueScope.findVariable (file:///E:/Repo/node_modules/rollup/dist/es/shared/node-entry.js:5649:38)[39m
npm error Lifecycle script `build` failed with error:
npm error code 1
npm error path E:\Repo\calorietracker
npm error workspace smart-calorie-tracker@1.0.0
npm error location E:\Repo\calorietracker
npm error command failed
npm error command C:\windows\system32\cmd.exe /d /s /c vite build
